// Jest Snapshot v1, https://goo.gl/fbAQLP

exports[`Match snapshots HeaderPopup default 1`] = `null`;
