// Jest Snapshot v1, https://goo.gl/fbAQLP

exports[`Match snapshots EbookWidget default 1`] = `
<DocumentFragment>
  <div
    class="box-adaptive__BoxStyled-sc-g2wy39-0 ksNfYJ"
  />
</DocumentFragment>
`;
